ExitFailure 129
Just (ExitFailure 129)
Just (ExitFailure 129)
